a01_rm_cat_city_lang_price_rating_travel_by_score  median    0.218 ms (min 0.198, max 0.280) plan 0.033 ms | cold exec 1.791 plan 0.616 | rows=20.00
a02_rm_same_plus_available_today                   median    1.460 ms (min 1.271, max 1.769) plan 0.036 ms | cold exec 3.793 plan 0.588 | rows=20.00
a03_rm_popular_cat_city_by_score_page1             median    0.184 ms (min 0.159, max 0.216) plan 0.022 ms | cold exec 1.373 plan 0.469 | rows=20.00
a04_rm_keyset_page2                                median    0.145 ms (min 0.128, max 0.274) plan 0.025 ms | cold exec 0.761 plan 0.063 | rows=20.00
a05_rm_offset_deep_page                            median    0.314 ms (min 0.267, max 0.400) plan 0.018 ms | cold exec 1.849 plan 0.470 | rows=20.00
a06_rm_keyset_deep_page                            median    0.015 ms (min 0.012, max 0.022) plan 0.018 ms | cold exec 0.097 plan 0.054 | rows=20.00
a07_norm_join_equivalent_of_a01                    median    1.111 ms (min 0.894, max 1.172) plan 0.212 ms | cold exec 2.645 plan 1.064 | rows=20.00
a08_norm_join_popular_cat_city                     median    0.465 ms (min 0.386, max 0.530) plan 0.069 ms | cold exec 1.305 plan 0.570 | rows=20.00
a09_rm_radius5km_cat_lang_by_distance              median    1.327 ms (min 1.178, max 1.736) plan 0.342 ms | cold exec 7.847 plan 8.577 | rows=20.00
a10_rm_knn_nearest_cat                             median    0.821 ms (min 0.770, max 0.913) plan 0.023 ms | cold exec 6.675 plan 6.598 | rows=20.00
a11_rm_travels_to_client_point                     median    1.951 ms (min 1.898, max 2.085) plan 0.235 ms | cold exec 7.338 plan 6.812 | rows=20.00
a12_norm_radius5km_cat_by_distance                 median    5.826 ms (min 5.655, max 6.503) plan 0.387 ms | cold exec 16.219 plan 7.042 | rows=20.00
a13_rm_fts_ru_elektrik_city_by_rank                median    2.346 ms (min 2.300, max 2.482) plan 0.032 ms | cold exec 4.378 plan 1.104 | rows=20.00
a14_rm_fts_sr_vodoinstalater_by_rank               median    1.913 ms (min 1.841, max 1.981) plan 0.037 ms | cold exec 3.959 plan 1.094 | rows=20.00
a15_rm_fts_phrase_washer_ru                        median    4.218 ms (min 4.047, max 4.440) plan 0.046 ms | cold exec 6.104 plan 1.104 | rows=20.00
a16_rm_fts_sr_cyrillic                             median    9.058 ms (min 8.943, max 9.226) plan 0.035 ms | cold exec 11.760 plan 1.054 | rows=20.00
a17_rm_fts_broad_remont_rank_all                   median   15.955 ms (min 15.400, max 18.284) plan 0.057 ms | cold exec 21.865 plan 1.167 | rows=20.00
a18_rm_fts_cat_radius_by_score                     median    1.328 ms (min 1.289, max 1.438) plan 0.264 ms | cold exec 6.436 plan 10.196 | rows=20.00
a19_rm_districts_cat_by_score                      median    0.826 ms (min 0.775, max 0.962) plan 0.021 ms | cold exec 2.870 plan 0.438 | rows=20.00
a20_rm_fts_own_text_only_elektrik                  median    1.664 ms (min 1.576, max 1.811) plan 0.038 ms | cold exec 3.408 plan 1.161 | rows=20.00
a21_rm_rare_cat_city_by_score_pitfall              median    0.046 ms (min 0.043, max 0.049) plan 0.024 ms | cold exec 0.059 plan 0.070 | rows=20.00
b01_board_cats_city_fresh_page1                    median    0.038 ms (min 0.037, max 0.052) plan 0.024 ms | cold exec 0.337 plan 0.389 | rows=20.00
b02_board_keyset_page2                             median    0.051 ms (min 0.042, max 0.064) plan 0.026 ms | cold exec 0.217 plan 0.070 | rows=20.00
b03_board_radius10km_cats_urgency_budget           median    1.363 ms (min 1.320, max 1.419) plan 0.333 ms | cold exec 6.317 plan 6.934 | rows=20.00
b04_board_districts_subtree_fresh                  median    0.400 ms (min 0.379, max 0.435) plan 0.051 ms | cold exec 1.332 plan 0.599 | rows=20.00
b05_board_city_fresh_default_feed                  median    0.010 ms (min 0.010, max 0.015) plan 0.018 ms | cold exec 0.103 plan 0.372 | rows=20.00
b06_board_fts_open                                 median    0.173 ms (min 0.163, max 0.202) plan 0.046 ms | cold exec 0.615 plan 1.026 | rows=20.00
b07_board_feed_for_specialist_subscriptions        median   19.428 ms (min 17.806, max 28.514) plan 0.083 ms | cold exec 19.293 plan 6.346 | rows=20.00
b08_board_feed_for_specialist_optimized            median    0.260 ms (min 0.247, max 0.286) plan 0.058 ms | cold exec 0.796 plan 7.880 | rows=20.00
c01_match_arrays_or                                median    0.857 ms (min 0.795, max 0.918) plan 0.036 ms | cold exec 4.607 plan 6.403 | rows=317.00
c02_match_arrays_union                             median    2.743 ms (min 2.709, max 3.867) plan 0.039 ms | cold exec 8.510 plan 6.194 | rows=317.00
c03_match_link_tables                              median    4.157 ms (min 3.908, max 5.452) plan 0.086 ms | cold exec 7.241 plan 6.597 | rows=317.00
c04_match_center_radius_per_row                    median    1.214 ms (min 1.185, max 2.019) plan 0.026 ms | cold exec 8.700 plan 10.225 | rows=260.00
c05_match_center_radius_bounded                    median    1.337 ms (min 1.297, max 1.441) plan 0.331 ms | cold exec 6.600 plan 7.071 | rows=260.00
c06_match_area_polygon_only                        median    2.062 ms (min 1.995, max 2.135) plan 0.028 ms | cold exec 4.548 plan 6.294 | rows=260.00
d01_ac_prefix_btree                                median    0.014 ms (min 0.011, max 0.019) plan 0.040 ms | cold exec 0.065 plan 1.382 | rows=3.00
d02_ac_prefix_sr_cyr                               median    0.007 ms (min 0.006, max 0.011) plan 0.035 ms | cold exec 0.047 plan 0.888 | rows=2.00
d03_ac_typo_similarity_ru                          median    0.091 ms (min 0.084, max 0.111) plan 0.161 ms | cold exec 0.207 plan 1.000 | rows=10.00
d04_ac_typo_word_similarity_sr                     median    0.103 ms (min 0.088, max 0.131) plan 0.225 ms | cold exec 0.203 plan 1.028 | rows=6.00
d05_ac_knn_gist_manikur                            median    0.104 ms (min 0.089, max 0.120) plan 0.018 ms | cold exec 0.220 plan 0.766 | rows=10.00
d06_ac_combined_prefix_or_fuzzy                    median    0.199 ms (min 0.184, max 0.403) plan 0.061 ms | cold exec 0.363 plan 1.236 | rows=8.00
e01_specialist_name_trgm                           median    8.987 ms (min 7.288, max 12.193) plan 0.204 ms | cold exec 15.426 plan 1.247 | rows=10.00
