a01_rm_cat_city_lang_price_rating_travel_by_score  median    0.191 ms (min 0.183, max 0.239) plan 0.026 ms | cold exec 2.915 plan 0.944 | rows=20.00
a02_rm_same_plus_available_today                   median    1.419 ms (min 1.275, max 1.677) plan 0.033 ms | cold exec 4.945 plan 0.536 | rows=20.00
a03_rm_popular_cat_city_by_score_page1             median    0.151 ms (min 0.147, max 0.181) plan 0.020 ms | cold exec 1.306 plan 0.443 | rows=20.00
a04_rm_keyset_page2                                median    0.130 ms (min 0.128, max 0.161) plan 0.019 ms | cold exec 1.072 plan 0.035 | rows=20.00
a05_rm_offset_deep_page                            median    0.251 ms (min 0.238, max 0.312) plan 0.018 ms | cold exec 1.798 plan 0.393 | rows=20.00
a06_rm_keyset_deep_page                            median    0.013 ms (min 0.011, max 0.015) plan 0.015 ms | cold exec 0.101 plan 0.065 | rows=20.00
a07_norm_join_equivalent_of_a01                    median    0.869 ms (min 0.851, max 0.927) plan 0.165 ms | cold exec 4.768 plan 1.154 | rows=20.00
a08_norm_join_popular_cat_city                     median    0.350 ms (min 0.330, max 0.371) plan 0.060 ms | cold exec 1.155 plan 0.502 | rows=20.00
a09_rm_radius5km_cat_lang_by_distance              median    1.185 ms (min 1.115, max 1.282) plan 0.290 ms | cold exec 9.318 plan 10.752 | rows=20.00
a10_rm_knn_nearest_cat                             median    0.750 ms (min 0.723, max 0.771) plan 0.021 ms | cold exec 7.462 plan 6.294 | rows=20.00
a11_rm_travels_to_client_point                     median    7.285 ms (min 7.009, max 7.864) plan 0.286 ms | cold exec 13.675 plan 7.380 | rows=20.00
a12_norm_radius5km_cat_by_distance                 median   14.082 ms (min 13.660, max 15.199) plan 0.563 ms | cold exec 27.507 plan 7.037 | rows=20.00
a13_rm_fts_ru_elektrik_city_by_rank                median    2.420 ms (min 2.285, max 3.142) plan 0.041 ms | cold exec 4.714 plan 1.217 | rows=20.00
a14_rm_fts_sr_vodoinstalater_by_rank               median    1.836 ms (min 1.809, max 2.004) plan 0.030 ms | cold exec 5.300 plan 1.398 | rows=20.00
a15_rm_fts_phrase_washer_ru                        median    4.467 ms (min 4.205, max 4.565) plan 0.045 ms | cold exec 7.208 plan 1.096 | rows=20.00
a16_rm_fts_sr_cyrillic                             median    9.227 ms (min 9.005, max 9.305) plan 0.037 ms | cold exec 13.520 plan 1.127 | rows=20.00
a17_rm_fts_broad_remont_rank_all                   median   15.622 ms (min 15.319, max 18.263) plan 0.049 ms | cold exec 23.110 plan 1.051 | rows=20.00
a18_rm_fts_cat_radius_by_score                     median    1.313 ms (min 1.257, max 1.432) plan 0.276 ms | cold exec 6.937 plan 8.061 | rows=20.00
a19_rm_districts_cat_by_score                      median    0.710 ms (min 0.686, max 0.917) plan 0.019 ms | cold exec 2.536 plan 0.466 | rows=20.00
a20_rm_fts_own_text_only_elektrik                  median    1.591 ms (min 1.486, max 1.693) plan 0.046 ms | cold exec 3.218 plan 1.117 | rows=20.00
a21_rm_rare_cat_city_by_score_pitfall              median    0.051 ms (min 0.047, max 0.054) plan 0.026 ms | cold exec 0.064 plan 0.089 | rows=20.00
b01_board_cats_city_fresh_page1                    median    0.029 ms (min 0.028, max 0.042) plan 0.025 ms | cold exec 0.521 plan 0.468 | rows=20.00
b02_board_keyset_page2                             median    0.044 ms (min 0.043, max 0.058) plan 0.032 ms | cold exec 0.411 plan 0.096 | rows=20.00
b03_board_radius10km_cats_urgency_budget           median    7.694 ms (min 7.464, max 8.322) plan 0.437 ms | cold exec 14.029 plan 6.989 | rows=20.00
b04_board_districts_subtree_fresh                  median    0.406 ms (min 0.376, max 0.464) plan 0.065 ms | cold exec 1.252 plan 0.613 | rows=20.00
b05_board_city_fresh_default_feed                  median    0.011 ms (min 0.008, max 0.015) plan 0.023 ms | cold exec 0.092 plan 0.369 | rows=20.00
b06_board_fts_open                                 median    0.183 ms (min 0.164, max 0.197) plan 0.054 ms | cold exec 0.694 plan 1.294 | rows=20.00
b07_board_feed_for_specialist_subscriptions        median   18.218 ms (min 17.539, max 22.561) plan 0.084 ms | cold exec 18.979 plan 6.400 | rows=20.00
b08_board_feed_for_specialist_optimized            median    0.253 ms (min 0.247, max 0.283) plan 0.068 ms | cold exec 0.725 plan 6.629 | rows=20.00
c01_match_arrays_or                                median    7.226 ms (min 6.682, max 8.175) plan 0.064 ms | cold exec 9.707 plan 6.633 | rows=317.00
c02_match_arrays_union                             median    2.899 ms (min 2.665, max 3.243) plan 0.049 ms | cold exec 9.039 plan 6.869 | rows=317.00
c03_match_link_tables                              median    3.992 ms (min 3.921, max 4.112) plan 0.072 ms | cold exec 6.940 plan 6.781 | rows=317.00
c04_match_center_radius_per_row                    median    6.760 ms (min 6.517, max 7.480) plan 0.034 ms | cold exec 11.590 plan 6.219 | rows=260.00
c05_match_center_radius_bounded                    median    6.787 ms (min 6.555, max 7.797) plan 0.384 ms | cold exec 7.576 plan 6.576 | rows=260.00
c06_match_area_polygon_only                        median    2.046 ms (min 1.954, max 3.142) plan 0.032 ms | cold exec 4.542 plan 6.282 | rows=260.00
d01_ac_prefix_btree                                median    0.010 ms (min 0.009, max 0.013) plan 0.028 ms | cold exec 0.043 plan 0.942 | rows=3.00
d02_ac_prefix_sr_cyr                               median    0.007 ms (min 0.006, max 0.023) plan 0.036 ms | cold exec 0.054 plan 1.093 | rows=2.00
d03_ac_typo_similarity_ru                          median    0.115 ms (min 0.085, max 0.189) plan 0.198 ms | cold exec 0.225 plan 1.021 | rows=10.00
d04_ac_typo_word_similarity_sr                     median    0.098 ms (min 0.095, max 0.116) plan 0.217 ms | cold exec 0.217 plan 1.122 | rows=6.00
d05_ac_knn_gist_manikur                            median    0.102 ms (min 0.090, max 0.118) plan 0.019 ms | cold exec 0.250 plan 0.850 | rows=10.00
d06_ac_combined_prefix_or_fuzzy                    median    0.176 ms (min 0.153, max 0.191) plan 0.043 ms | cold exec 0.340 plan 0.991 | rows=8.00
e01_specialist_name_trgm                           median    7.462 ms (min 7.351, max 11.138) plan 0.172 ms | cold exec 12.731 plan 1.068 | rows=10.00
