 Container specialist-lab-postgres-1 Running 
 Container specialist-lab-postgres-1 Waiting 
 Container specialist-lab-postgres-1 Healthy 
 Container specialist-lab-bench-run-6941df1358a5 Creating 
 Container specialist-lab-bench-run-6941df1358a5 Created 
psql:sql/pgbench/00_prepare.sql:2: NOTICE:  table "bench_spec_ids" does not exist, skipping
 bench_spec_ids 
----------------
          49271
(1 row)

clients=1 tps=608.001119
clients=8 tps=1771.751576
clients=16 tps=1100.862190
clients=32 tps=1013.896560
script index -> file:
  0 a_search_cat_city.sql
  1 b_search_radius.sql
  2 c_search_fts.sql
  3 d_board_city_cats.sql
  4 e_board_radius.sql
  5 f_match_new_request.sql
  6 g_autocomplete.sql
  7 w_update_specialist.sql
  8 w_insert_request.sql
clients	tps	script	tx	p50_ms	p95_ms	p99_ms	max_ms
1	608.001119	0	4545	1.01	1.37	1.58	2.79
1	608.001119	1	2720	1.17	1.65	1.88	2.44
1	608.001119	2	3590	2.10	5.76	6.43	7.79
1	608.001119	3	2818	0.34	0.53	0.68	2.58
1	608.001119	4	893	11.15	12.74	13.91	14.41
1	608.001119	5	942	0.95	1.42	1.70	2.32
1	608.001119	6	1869	0.19	0.25	0.28	0.98
1	608.001119	7	694	1.18	1.81	2.27	5.22
1	608.001119	8	172	0.43	0.80	1.30	1.32
1	608.001119	ALL	18243	1.03	6.62	11.70	14.41
8	1771.751576	0	13294	1.27	1.82	52.20	64.55
8	1771.751576	1	8068	1.48	2.30	54.32	65.38
8	1771.751576	2	10678	3.17	49.18	61.53	70.06
8	1771.751576	3	8044	0.44	0.67	40.58	61.54
8	1771.751576	4	2664	16.90	72.43	77.06	89.16
8	1771.751576	5	2588	1.14	1.83	52.80	60.39
8	1771.751576	6	5218	0.23	0.33	1.53	61.14
8	1771.751576	7	2086	1.29	2.49	52.92	62.89
8	1771.751576	8	519	0.47	0.85	8.53	49.22
8	1771.751576	ALL	53159	1.31	17.61	63.65	89.16
16	1100.862190	0	8318	1.83	70.11	78.69	88.00
16	1100.862190	1	4964	2.44	73.66	79.99	88.99
16	1100.862190	2	6644	6.44	84.87	92.34	105.53
16	1100.862190	3	4904	0.68	3.76	74.77	83.86
16	1100.862190	4	1678	98.02	183.81	199.19	285.75
16	1100.862190	5	1640	1.77	71.17	79.23	102.55
16	1100.862190	6	3305	0.36	3.14	73.66	82.15
16	1100.862190	7	1328	3.54	79.29	85.55	96.07
16	1100.862190	8	311	1.87	74.64	83.43	87.08
16	1100.862190	ALL	33092	2.23	86.04	108.54	285.75
32	1013.896560	0	7716	3.27	78.23	85.79	103.17
32	1013.896560	1	4600	4.59	80.66	88.17	179.77
32	1013.896560	2	6065	20.02	106.89	186.19	286.65
32	1013.896560	3	4561	1.44	73.41	81.19	204.48
32	1013.896560	4	1544	212.73	394.35	487.77	596.10
32	1013.896560	5	1516	3.31	79.38	87.20	172.45
32	1013.896560	6	3063	0.81	70.92	80.59	87.86
32	1013.896560	7	1201	10.48	93.83	103.66	197.19
32	1013.896560	8	298	7.43	88.27	105.02	386.35
32	1013.896560	ALL	30564	4.62	111.26	303.94	596.10
