 Container specialist-lab-postgres-1 Running 
 Container specialist-lab-postgres-1 Waiting 
 Container specialist-lab-postgres-1 Healthy 
 Container specialist-lab-bench-run-38493af37590 Creating 
 Container specialist-lab-bench-run-38493af37590 Created 
psql:sql/pgbench/00_prepare.sql:2: NOTICE:  table "bench_spec_ids" does not exist, skipping
 bench_spec_ids 
----------------
          49271
(1 row)

clients=1 tps=778.162519
clients=8 tps=2837.527292
clients=16 tps=2780.741545
clients=32 tps=2622.084725
script index -> file:
  0 a_search_cat_city.sql
  1 b_search_radius.sql
  2 c_search_fts.sql
  3 d_board_city_cats.sql
  4 e_board_radius.sql
  5 f_match_new_request.sql
  6 g_autocomplete.sql
  7 w_update_specialist.sql
  8 w_insert_request.sql
clients	tps	script	tx	p50_ms	p95_ms	p99_ms	max_ms
1	778.162519	0	5824	0.46	0.78	1.00	2.78
1	778.162519	1	3601	1.34	1.77	1.98	2.79
1	778.162519	2	4543	3.04	7.10	7.77	13.99
1	778.162519	3	3547	0.24	0.41	0.52	5.81
1	778.162519	4	1162	1.44	4.30	4.53	21.13
1	778.162519	5	1141	1.06	1.60	1.84	3.48
1	778.162519	6	2331	0.26	0.33	0.38	0.91
1	778.162519	7	979	1.09	1.49	2.18	3.52
1	778.162519	8	218	0.53	0.95	1.53	3.68
1	778.162519	ALL	23346	0.74	3.96	7.08	21.13
8	2837.527292	0	21209	0.75	4.13	5.36	10.84
8	2837.527292	1	12689	1.77	5.44	6.88	27.74
8	2837.527292	2	17079	6.50	14.67	17.39	27.94
8	2837.527292	3	12681	0.38	3.75	4.99	11.42
8	2837.527292	4	4291	2.25	8.87	11.55	21.42
8	2837.527292	5	4263	1.47	4.96	6.40	22.75
8	2837.527292	6	8576	0.33	3.81	4.79	10.83
8	2837.527292	7	3434	2.69	6.05	8.29	11.86
8	2837.527292	8	890	1.14	4.59	6.11	9.43
8	2837.527292	ALL	85112	1.75	9.08	14.70	27.94
16	2780.741545	0	20959	2.30	8.53	12.22	19.62
16	2780.741545	1	12399	3.53	12.11	15.43	63.43
16	2780.741545	2	16728	12.58	29.53	36.18	55.57
16	2780.741545	3	12542	1.98	7.75	11.65	21.07
16	2780.741545	4	4150	4.37	17.62	25.27	57.87
16	2780.741545	5	4167	3.17	10.94	13.91	18.06
16	2780.741545	6	8325	2.07	7.96	11.33	18.41
16	2780.741545	7	3267	8.16	15.88	20.16	43.41
16	2780.741545	8	860	5.03	11.99	15.65	18.74
16	2780.741545	ALL	83397	3.59	18.05	29.69	63.43
32	2622.084725	0	19730	4.33	19.31	26.35	40.99
32	2622.084725	1	11720	6.11	25.74	30.79	59.27
32	2622.084725	2	15892	27.47	61.67	74.42	108.90
32	2622.084725	3	11779	3.99	18.47	25.90	38.20
32	2622.084725	4	3876	7.91	35.45	52.63	137.12
32	2622.084725	5	3888	5.17	24.47	29.83	47.05
32	2622.084725	6	7881	4.09	18.10	25.99	37.62
32	2622.084725	7	3102	17.52	32.56	39.50	105.81
32	2622.084725	8	777	11.50	26.72	32.95	42.08
32	2622.084725	ALL	78645	6.47	39.62	61.94	137.12
