 Container specialist-lab-postgres-1 Running 
 Container specialist-lab-postgres-1 Waiting 
 Container specialist-lab-postgres-1 Healthy 
 Container specialist-lab-bench-run-2a5ce4ac3560 Creating 
 Container specialist-lab-bench-run-2a5ce4ac3560 Created 
psql:sql/pgbench/00_prepare.sql:2: NOTICE:  table "bench_spec_ids" does not exist, skipping
 bench_spec_ids 
----------------
          49271
(1 row)

clients=1 tps=776.775477
clients=8 tps=2766.760761
clients=16 tps=2861.501297
clients=32 tps=2692.597223
script index -> file:
  0 a_search_cat_city.sql
  1 b_search_radius.sql
  2 c_search_fts.sql
  3 d_board_city_cats.sql
  4 e_board_radius.sql
  5 f_match_new_request.sql
  6 g_autocomplete.sql
  7 w_update_specialist.sql
  8 w_insert_request.sql
clients	tps	script	tx	p50_ms	p95_ms	p99_ms	max_ms
1	776.775477	0	5791	0.46	0.79	1.01	1.67
1	776.775477	1	3525	1.39	1.83	2.06	13.62
1	776.775477	2	4590	3.03	6.71	7.35	9.48
1	776.775477	3	3558	0.25	0.42	0.54	5.13
1	776.775477	4	1122	1.40	4.25	4.46	5.16
1	776.775477	5	1225	1.05	1.55	1.85	4.46
1	776.775477	6	2325	0.26	0.34	0.40	0.79
1	776.775477	7	943	1.06	1.50	2.18	3.51
1	776.775477	8	222	0.44	0.78	1.21	3.33
1	776.775477	ALL	23301	0.74	3.80	6.69	13.62
8	2766.760761	0	20946	0.77	4.18	5.56	11.18
8	2766.760761	1	12399	1.81	5.57	7.14	39.50
8	2766.760761	2	16586	6.74	15.04	18.18	27.13
8	2766.760761	3	12459	0.37	3.77	5.03	9.62
8	2766.760761	4	4069	2.31	8.94	11.92	38.46
8	2766.760761	5	4121	1.47	4.98	6.61	9.28
8	2766.760761	6	8336	0.33	3.84	5.12	12.38
8	2766.760761	7	3249	2.86	6.75	9.20	24.50
8	2766.760761	8	831	0.75	4.55	6.81	8.48
8	2766.760761	ALL	82996	1.76	9.46	15.05	39.50
16	2861.501297	0	21500	2.28	8.34	11.94	22.29
16	2861.501297	1	12892	3.54	12.03	15.31	49.37
16	2861.501297	2	17128	11.91	28.78	35.87	66.29
16	2861.501297	3	12879	1.93	7.75	11.61	20.21
16	2861.501297	4	4255	4.33	17.03	23.17	48.58
16	2861.501297	5	4232	3.09	10.97	14.57	32.89
16	2861.501297	6	8610	1.99	7.89	11.82	21.70
16	2861.501297	7	3456	8.15	15.75	20.26	26.83
16	2861.501297	8	875	4.98	11.88	15.78	24.53
16	2861.501297	ALL	85827	3.52	17.46	28.90	66.29
32	2692.597223	0	20259	4.26	19.84	26.74	58.02
32	2692.597223	1	11957	5.90	25.86	31.82	63.28
32	2692.597223	2	16292	26.64	61.61	75.07	107.49
32	2692.597223	3	12184	3.89	18.09	25.69	56.47
32	2692.597223	4	4078	7.40	36.16	53.94	70.65
32	2692.597223	5	4030	5.23	24.26	30.15	43.53
32	2692.597223	6	7916	3.86	18.33	25.76	38.07
32	2692.597223	7	3210	17.70	32.92	39.89	136.42
32	2692.597223	8	829	11.03	26.56	35.24	53.50
32	2692.597223	ALL	80755	6.23	38.85	61.86	136.42
