 Container specialist-lab-postgres-1 Running 
 Container specialist-lab-postgres-1 Waiting 
 Container specialist-lab-postgres-1 Healthy 
 Container specialist-lab-bench-run-0963caa68e5e Creating 
 Container specialist-lab-bench-run-0963caa68e5e Created 
psql:sql/pgbench/00_prepare.sql:2: NOTICE:  table "bench_spec_ids" does not exist, skipping
 bench_spec_ids 
----------------
          49271
(1 row)

clients=1 tps=552.002337
clients=8 tps=2083.183586
clients=16 tps=1874.453622
clients=32 tps=1748.637788
script index -> file:
  0 a_search_cat_city.sql
  1 b_search_radius.sql
  2 c_search_fts.sql
  3 d_board_city_cats.sql
  4 e_board_radius.sql
  5 f_match_new_request.sql
  6 g_autocomplete.sql
  7 w_update_specialist.sql
  8 w_insert_request.sql
clients	tps	script	tx	p50_ms	p95_ms	p99_ms	max_ms
1	552.002337	0	4225	1.11	1.72	2.09	3.37
1	552.002337	1	2545	1.27	1.92	2.44	12.59
1	552.002337	2	3313	2.25	6.34	7.45	10.58
1	552.002337	3	2400	0.39	0.68	0.87	2.86
1	552.002337	4	756	12.12	15.40	17.52	20.87
1	552.002337	5	797	1.09	1.74	2.24	3.04
1	552.002337	6	1701	0.21	0.32	0.40	1.60
1	552.002337	7	684	1.21	2.02	3.60	68.35
1	552.002337	8	139	0.65	1.38	3.39	11.99
1	552.002337	ALL	16560	1.15	6.88	13.45	68.35
8	2083.183586	0	15671	1.45	4.83	6.16	12.48
8	2083.183586	1	9360	1.69	5.14	6.73	26.32
8	2083.183586	2	12413	4.18	13.82	16.42	32.65
8	2083.183586	3	9277	0.52	3.88	4.86	10.51
8	2083.183586	4	3048	26.88	34.49	42.12	57.71
8	2083.183586	5	3235	1.52	4.88	6.32	22.51
8	2083.183586	6	6324	0.28	3.73	4.78	9.81
8	2083.183586	7	2523	2.93	6.21	9.03	15.96
8	2083.183586	8	663	1.55	4.39	6.62	20.51
8	2083.183586	ALL	62514	1.97	15.32	29.10	57.71
16	1874.453622	0	14052	3.44	11.01	15.12	29.00
16	1874.453622	1	8480	4.09	12.29	16.47	81.95
16	1874.453622	2	11057	9.72	30.74	39.25	59.65
16	1874.453622	3	8438	2.73	7.82	11.71	20.72
16	1874.453622	4	2947	56.22	81.13	97.35	134.27
16	1874.453622	5	2906	3.74	11.03	15.75	35.02
16	1874.453622	6	5533	2.62	7.90	11.58	24.79
16	1874.453622	7	2258	9.42	17.79	23.54	85.21
16	1874.453622	8	588	6.10	14.80	19.93	27.90
16	1874.453622	ALL	56259	4.21	39.80	66.15	134.27
32	1748.637788	0	13192	5.87	24.66	30.73	47.41
32	1748.637788	1	7963	6.86	26.41	32.55	85.66
32	1748.637788	2	10366	24.29	65.42	80.94	129.95
32	1748.637788	3	7869	4.71	18.94	25.80	40.54
32	1748.637788	4	2635	127.87	168.93	194.87	242.47
32	1748.637788	5	2644	6.26	24.72	30.04	60.25
32	1748.637788	6	5205	4.48	18.16	26.36	55.71
32	1748.637788	7	2132	20.60	36.74	46.94	105.88
32	1748.637788	8	513	13.97	32.26	45.25	62.52
32	1748.637788	ALL	52519	7.83	77.13	145.51	242.47
